C51 COMPILER V9.60.0.0   UTILITY                                                           08/28/2022 18:02:02 PAGE 1   


C51 COMPILER V9.60.0.0, COMPILATION OF MODULE UTILITY
OBJECT MODULE PLACED IN utility.OBJ
COMPILER INVOKED BY: C:\Keil_v5\C51\BIN\C51.EXE utility.c OPTIMIZE(8,SPEED) BROWSE DEBUG OBJECTEXTEND TABS(2)

line level    source

   1          //
   2          // Created by aditya on 28-08-2022.
   3          //
   4          
   5          #include "utility.h"
   6          
   7          void ldelay(void) {
   8   1          unsigned long int i,j;
   9   1          for(i=0;i< 50; i++)
  10   1          {
  11   2              for(j=0;j<1000; j++);
  12   2          }
  13   1      }
  14          
  15          void Delay_Some_Time(unsigned int delaycount) {
  16   1          unsigned int i,j;
  17   1          for(i=0;i<delaycount; i++)
  18   1          {
  19   2              for(j=0;j<333; j++);
  20   2          }
  21   1      
  22   1      }


MODULE INFORMATION:   STATIC OVERLAYABLE
   CODE SIZE        =    138    ----
   CONSTANT SIZE    =   ----    ----
   XDATA SIZE       =   ----    ----
   PDATA SIZE       =   ----    ----
   DATA SIZE        =   ----       8
   IDATA SIZE       =   ----    ----
   BIT SIZE         =   ----    ----
END OF MODULE INFORMATION.


C51 COMPILATION COMPLETE.  0 WARNING(S),  0 ERROR(S)
